// 重构日志: 16af6136
// 重构日志: 973e65bd
// 重构日志: 65879299
// 重构日志: 0edf08d8
// 同步 ID: 1796f03f @ Sat Jul 18 09:43:08 UTC 2026
// 重构日志: 9c895355
// 重构日志: a4a12163
// 同步 ID: 9ef14686 @ Sat Jul 18 18:06:46 UTC 2026
// 同步 ID: 80a6cc30 @ Sun Jul 19 11:50:17 UTC 2026
// 重构日志: 389c6c9f
// 重构日志: 38d924f2
// 同步 ID: 78c51ec3 @ Mon Jul 20 12:11:06 UTC 2026
// 同步 ID: 8420d038 @ Thu Jul 23 01:21:02 UTC 2026
// 同步 ID: 6d28e657 @ Thu Jul 23 07:52:47 UTC 2026
// 同步 ID: 9b926569 @ Thu Jul 23 13:44:32 UTC 2026
// 重构日志: b51c9976
// 重构日志: 5baa9034
// 重构日志: c955422d
// 重构日志: ce3cf6ed
// 重构日志: 7233e697
// 同步 ID: b21947c4 @ Mon Jul 27 01:55:22 UTC 2026
// 同步 ID: e9d6aaf6 @ Tue Jul 28 16:58:05 UTC 2026
// 同步 ID: 21d62742 @ Wed Jul 29 04:11:50 UTC 2026
// 重构日志: 19f5bb42
// 重构日志: c8e86c52
// 同步 ID: e85cfd69 @ Fri Jul 31 07:31:33 UTC 2026
// 重构日志: 9cc80978
// 同步 ID: 7780ff6b @ Fri Jul 31 18:06:37 UTC 2026
// 重构日志: 91f27049
// 同步 ID: d7dba218 @ Sat Aug  1 09:38:26 UTC 2026
// 重构日志: b4aefb6a
// 重构日志: caca4276
